<?xml version="1.0" encoding="utf-8"?><testsuites name="pytest tests"><testsuite name="pytest" errors="0" failures="0" skipped="0" tests="108" time="8.931" timestamp="2025-12-22T21:20:45.509075+01:00" hostname="kacper.local"><testcase classname="tests.models.test_user_model.TestUserModel" name="test_user_creation_with_required_fields" time="0.013" /><testcase classname="tests.models.test_user_model.TestUserModel" name="test_user_id_auto_generated" time="0.000" /><testcase classname="tests.models.test_user_model.TestUserModel" name="test_user_id_can_be_provided" time="0.000" /><testcase classname="tests.models.test_user_model.TestUserModel" name="test_user_default_is_active_true" time="0.000" /><testcase classname="tests.models.test_user_model.TestUserModel" name="test_user_default_is_verified_false" time="0.000" /><testcase classname="tests.models.test_user_model.TestUserModel" name="test_user_created_at_auto_set" time="0.000" /><testcase classname="tests.models.test_user_model.TestUserModel" name="test_user_updated_at_defaults_to_none" time="0.000" /><testcase classname="tests.models.test_user_model.TestUserModel" name="test_user_with_all_fields" time="0.000" /><testcase classname="tests.models.test_user_model.TestUserCreateSchema" name="test_user_create_valid" time="0.003" /><testcase classname="tests.models.test_user_model.TestUserCreateSchema" name="test_user_create_invalid_email" time="0.001" /><testcase classname="tests.models.test_user_model.TestUserCreateSchema" name="test_user_create_various_invalid_emails[]" time="0.000" /><testcase classname="tests.models.test_user_model.TestUserCreateSchema" name="test_user_create_various_invalid_emails[missing-at-sign.com]" time="0.000" /><testcase classname="tests.models.test_user_model.TestUserCreateSchema" name="test_user_create_various_invalid_emails[@missing-local.com]" time="0.000" /><testcase classname="tests.models.test_user_model.TestUserCreateSchema" name="test_user_create_various_invalid_emails[missing-domain@]" time="0.000" /><testcase classname="tests.models.test_user_model.TestUserCreateSchema" name="test_user_create_various_invalid_emails[spaces in@email.com]" time="0.001" /><testcase classname="tests.models.test_user_model.TestUserCreateSchema" name="test_user_create_various_invalid_emails[double@@at.com]" time="0.000" /><testcase classname="tests.models.test_user_model.TestUserCreateSchema" name="test_user_create_password_too_short" time="0.001" /><testcase classname="tests.models.test_user_model.TestUserCreateSchema" name="test_user_create_password_exactly_8_chars" time="0.000" /><testcase classname="tests.models.test_user_model.TestUserCreateSchema" name="test_user_create_password_empty" time="0.000" /><testcase classname="tests.models.test_user_model.TestUserLoginSchema" name="test_user_login_valid" time="0.000" /><testcase classname="tests.models.test_user_model.TestUserLoginSchema" name="test_user_login_invalid_email" time="0.000" /><testcase classname="tests.models.test_user_model.TestUserReadSchema" name="test_user_read_from_user_model" time="0.000" /><testcase classname="tests.models.test_user_model.TestUserReadSchema" name="test_user_read_excludes_password" time="0.000" /><testcase classname="tests.models.test_user_model.TestUserUpdateSchema" name="test_user_update_email" time="0.000" /><testcase classname="tests.models.test_user_model.TestUserUpdateSchema" name="test_user_update_empty" time="0.000" /><testcase classname="tests.models.test_user_model.TestUserUpdateSchema" name="test_user_update_invalid_email" time="0.000" /><testcase classname="tests.models.test_user_model.TestTokenSchemas" name="test_token_schema" time="0.000" /><testcase classname="tests.models.test_user_model.TestTokenSchemas" name="test_token_payload_schema" time="0.000" /><testcase classname="tests.models.test_user_model.TestPasswordResetSchemas" name="test_password_reset_valid" time="0.000" /><testcase classname="tests.models.test_user_model.TestPasswordResetSchemas" name="test_password_reset_weak_password" time="0.000" /><testcase classname="tests.models.test_user_model.TestPasswordResetSchemas" name="test_forgot_password_valid" time="0.000" /><testcase classname="tests.models.test_user_model.TestPasswordResetSchemas" name="test_forgot_password_invalid_email" time="0.000" /><testcase classname="tests.models.test_user_model.TestEmailVerificationSchema" name="test_email_verification_valid" time="0.000" /><testcase classname="tests.services.test_email_service.TestVerificationEmail" name="test_send_verification_email_logs_correct_url" time="0.003" /><testcase classname="tests.services.test_email_service.TestVerificationEmail" name="test_send_verification_email_url_format" time="0.001" /><testcase classname="tests.services.test_email_service.TestPasswordResetEmail" name="test_send_password_reset_email_logs_correct_url" time="0.001" /><testcase classname="tests.services.test_email_service.TestPasswordResetEmail" name="test_send_password_reset_email_url_format" time="0.001" /><testcase classname="tests.services.test_email_service.TestWelcomeEmail" name="test_send_welcome_email_logs_message" time="0.001" /><testcase classname="tests.test_analysis_endpoints" name="test_list_exercises" time="0.984" /><testcase classname="tests.test_analysis_endpoints" name="test_get_status" time="0.002" /><testcase classname="tests.test_analysis_endpoints" name="test_websocket_rejected_when_disabled" time="0.002" /><testcase classname="tests.test_analysis_endpoints" name="test_websocket_flow" time="0.009" /><testcase classname="tests.test_auth.TestUserRegistration" name="test_register_success" time="0.199" /><testcase classname="tests.test_auth.TestUserRegistration" name="test_register_duplicate_email" time="0.190" /><testcase classname="tests.test_auth.TestUserRegistration" name="test_register_weak_password" time="0.018" /><testcase classname="tests.test_auth.TestUserRegistration" name="test_register_invalid_email" time="0.018" /><testcase classname="tests.test_auth.TestUserLogin" name="test_login_success" time="0.364" /><testcase classname="tests.test_auth.TestUserLogin" name="test_login_wrong_password" time="0.360" /><testcase classname="tests.test_auth.TestUserLogin" name="test_login_nonexistent_user" time="0.022" /><testcase classname="tests.test_auth.TestEmailVerification" name="test_verify_email_success" time="0.192" /><testcase classname="tests.test_auth.TestEmailVerification" name="test_verify_email_invalid_token" time="0.017" /><testcase classname="tests.test_auth.TestEmailVerification" name="test_verify_email_already_verified" time="0.189" /><testcase classname="tests.test_auth.TestPasswordReset" name="test_forgot_password_existing_user" time="0.190" /><testcase classname="tests.test_auth.TestPasswordReset" name="test_forgot_password_nonexistent_user" time="0.019" /><testcase classname="tests.test_auth.TestPasswordReset" name="test_reset_password_success" time="0.536" /><testcase classname="tests.test_auth.TestPasswordReset" name="test_reset_password_invalid_token" time="0.018" /><testcase classname="tests.test_auth.TestCurrentUser" name="test_get_me_authenticated" time="0.189" /><testcase classname="tests.test_auth.TestCurrentUser" name="test_get_me_unauthenticated" time="0.018" /><testcase classname="tests.test_auth.TestCurrentUser" name="test_get_me_invalid_token" time="0.018" /><testcase classname="tests.test_diagnostics" name="test_diagnostics_init" time="0.000" /><testcase classname="tests.test_diagnostics" name="test_analyze_no_pose" time="0.000" /><testcase classname="tests.test_diagnostics" name="test_calculate_angle" time="0.001" /><testcase classname="tests.test_diagnostics" name="test_analyze_squat_good" time="0.000" /><testcase classname="tests.test_diagnostics" name="test_voice_message_cooldown" time="0.000" /><testcase classname="tests.test_pose_estimation" name="test_landmark_to_array" time="0.001" /><testcase classname="tests.test_pose_estimation" name="test_pose_result_empty" time="0.000" /><testcase classname="tests.test_pose_estimation" name="test_pose_result_valid" time="0.000" /><testcase classname="tests.test_pose_estimation" name="test_pose_estimator_init_fail_no_model" time="0.001" /><testcase classname="tests.test_pose_estimation" name="test_pose_estimator_init_success" time="0.001" /><testcase classname="tests.test_pose_estimation" name="test_pose_estimator_process" time="0.002" /><testcase classname="tests.test_pose_estimation" name="test_pose_estimator_process_uninitialized" time="0.000" /><testcase classname="tests.test_rate_limit_unit" name="test_rate_limiter_memory_logic" time="0.000" /><testcase classname="tests.test_rate_limit_unit" name="test_rate_limiter_check_async" time="0.002" /><testcase classname="tests.test_rate_limit_unit" name="test_decorator_integration" time="0.005" /><testcase classname="tests.test_security.TestPasswordHashing" name="test_hash_password_creates_valid_hash" time="0.171" /><testcase classname="tests.test_security.TestPasswordHashing" name="test_different_passwords_create_different_hashes" time="0.339" /><testcase classname="tests.test_security.TestPasswordHashing" name="test_same_password_creates_different_hashes" time="0.341" /><testcase classname="tests.test_security.TestPasswordHashing" name="test_hash_password_with_special_characters" time="1.344" /><testcase classname="tests.test_security.TestPasswordHashing" name="test_hash_password_empty_string" time="0.340" /><testcase classname="tests.test_security.TestPasswordVerification" name="test_verify_password_correct" time="0.336" /><testcase classname="tests.test_security.TestPasswordVerification" name="test_verify_password_incorrect" time="0.336" /><testcase classname="tests.test_security.TestPasswordVerification" name="test_verify_password_case_sensitive" time="0.505" /><testcase classname="tests.test_security.TestPasswordVerification" name="test_verify_password_slight_differences[password123-password124]" time="0.338" /><testcase classname="tests.test_security.TestPasswordVerification" name="test_verify_password_slight_differences[password123-password12]" time="0.342" /><testcase classname="tests.test_security.TestPasswordVerification" name="test_verify_password_slight_differences[password123- password123]" time="0.372" /><testcase classname="tests.test_security.TestPasswordVerification" name="test_verify_password_slight_differences[password123-password123 ]" time="0.339" /><testcase classname="tests.test_security.TestTokenCreation" name="test_create_access_token_contains_user_id" time="0.000" /><testcase classname="tests.test_security.TestTokenCreation" name="test_create_access_token_has_expiration" time="0.000" /><testcase classname="tests.test_security.TestTokenCreation" name="test_create_verification_token" time="0.000" /><testcase classname="tests.test_security.TestTokenCreation" name="test_create_password_reset_token" time="0.000" /><testcase classname="tests.test_security.TestTokenCreation" name="test_create_token_with_custom_expiration" time="0.000" /><testcase classname="tests.test_security.TestTokenCreation" name="test_create_token_with_extra_claims" time="0.000" /><testcase classname="tests.test_security.TestTokenCreation" name="test_different_token_types_have_different_expirations" time="0.000" /><testcase classname="tests.test_security.TestTokenDecoding" name="test_decode_valid_token" time="0.000" /><testcase classname="tests.test_security.TestTokenDecoding" name="test_decode_invalid_token_returns_none" time="0.000" /><testcase classname="tests.test_security.TestTokenDecoding" name="test_decode_tampered_token_returns_none" time="0.000" /><testcase classname="tests.test_security.TestTokenDecoding" name="test_decode_token_wrong_secret_returns_none" time="0.000" /><testcase classname="tests.test_security.TestTokenExpiration" name="test_expired_token_returns_none" time="0.000" /><testcase classname="tests.test_security.TestTokenExpiration" name="test_token_expiring_soon_still_valid" time="0.000" /><testcase classname="tests.test_security.TestTokenVerification" name="test_verify_token_correct_type" time="0.000" /><testcase classname="tests.test_security.TestTokenVerification" name="test_verify_token_wrong_type_returns_none" time="0.000" /><testcase classname="tests.test_security.TestTokenVerification" name="test_verify_verification_token" time="0.000" /><testcase classname="tests.test_security.TestTokenVerification" name="test_verify_reset_token" time="0.000" /><testcase classname="tests.test_security.TestTokenVerification" name="test_verify_invalid_token_returns_none" time="0.000" /><testcase classname="tests.test_security.TestTokenVerification" name="test_verify_expired_token_returns_none" time="0.000" /><testcase classname="tests.test_security.TestTokenSecurity" name="test_token_cannot_be_forged_without_secret" time="0.000" /><testcase classname="tests.test_security.TestTokenSecurity" name="test_token_payload_modification_detected" time="0.000" /><testcase classname="tests.test_security.TestTokenSecurity" name="test_user_id_string_conversion" time="0.000" /></testsuite></testsuites>